/**
 * 
 *
 * @property int $id
 * @property string $name
 * @property string $email
 * @property \Illuminate\Support\Carbon $email_verified_at
 * @property string $password
 * @property string $remember_token
 * @property \Illuminate\Support\Carbon $created_at
 * @property \Illuminate\Support\Carbon $updated_at
 */